
> clip-backend@0.0.1 build
> nest build

node.exe : [96msrc/earnings/earnings-export.service.ts[0m:[93m36[0m:[93m9[0m - [91merror[0m[90m TS18046: 
[0m'where.date' is of type 'unknown'.
At line:1 char:1
+ & "C:\Program Files\nodejs/node.exe" "C:\Program Files\nodejs/node_mo ...
+ ~~~~~~~~~~~~~~~~~~~~~~~~~~~~~~~~~~~~~~~~~~~~~~~~~~~~~~~~~~~~~~~~~~~~~
    + CategoryInfo          : NotSpecified: ([96msrc/earnin...type 'unknown'.:String) [], RemoteException
    + FullyQualifiedErrorId : NativeCommandError
 

[7m36[0m         where.date.gte = new Date(options.startDate);
[7m  [0m [91m        ~~~~~~~~~~[0m
[96msrc/earnings/earnings-export.service.ts[0m:[93m41[0m:[93m9[0m - [91merror[0m[90m TS18046: 
[0m'where.date' is of type 'unknown'.

[7m41[0m         where.date.lte = end;
[7m  [0m [91m        ~~~~~~~~~~[0m
[96msrc/nft/nft-ownership.service.ts[0m:[93m47[0m:[93m16[0m - [91merror[0m[90m TS2339: [0mProperty 'results' 
does not exist on type 'SimulateTransactionResponse'.
  Property 'results' does not exist on type 'SimulateTransactionSuccessResponse'.

[7m47[0m       if (!sim.results || sim.results.length === 0) {
[7m  [0m [91m               ~~~~~~~[0m
[96msrc/nft/nft-ownership.service.ts[0m:[93m47[0m:[93m31[0m - [91merror[0m[90m TS2339: [0mProperty 'results' 
does not exist on type 'SimulateTransactionResponse'.
  Property 'results' does not exist on type 'SimulateTransactionSuccessResponse'.

[7m47[0m       if (!sim.results || sim.results.length === 0) {
[7m  [0m [91m                              ~~~~~~~[0m
[96msrc/nft/nft-ownership.service.ts[0m:[93m51[0m:[93m26[0m - [91merror[0m[90m TS2339: [0mProperty 'results' 
does not exist on type 'SimulateTransactionResponse'.
  Property 'results' does not exist on type 'SimulateTransactionSuccessResponse'.

[7m51[0m       const result = sim.results[0];
[7m  [0m [91m                         ~~~~~~~[0m
[96msrc/queue-dashboard/job-failure-notifier.service.ts[0m:[93m32[0m:[93m44[0m - [91merror[0m[90m TS2345: 
[0mArgument of type '"failed"' is not assignable to parameter of type 'keyof QueueListener<JobBase<DataType, 
ResultType, NameType>>'.

[7m32[0m     (this.clipGenerationQueue as Queue).on(onFailed, async (job, error) => {
[7m  [0m [91m                                           ~~~~~~~~[0m
[96msrc/queue-dashboard/job-failure-notifier.service.ts[0m:[93m43[0m:[93m41[0m - [91merror[0m[90m TS2345: 
[0mArgument of type '"failed"' is not assignable to parameter of type 'keyof QueueListener<JobBase<DataType, 
ResultType, NameType>>'.

[7m43[0m     (this.clipPostingQueue as Queue).on(onFailed, async (job, error) => {
[7m  [0m [91m                                        ~~~~~~~~[0m
[96msrc/queue-dashboard/job-failure-notifier.service.ts[0m:[93m54[0m:[93m41[0m - [91merror[0m[90m TS2345: 
[0mArgument of type '"failed"' is not assignable to parameter of type 'keyof QueueListener<JobBase<DataType, 
ResultType, NameType>>'.

[7m54[0m     (this.payoutRetryQueue as Queue).on(onFailed, async (job, error) => {
[7m  [0m [91m                                        ~~~~~~~~[0m

Found 8 error(s).

